---
source: tests/presentation.rs
assertion_line: 223
expression: response
---
redirect_uri: "http://localhost:3000/cb"
response_code: ~
