---
source: src/credential.rs
assertion_line: 364
expression: "&claims"
---
- - Address.Locality
  - Wellington
- - Address.Street_address
  - 123 Fake St
- - Email
  - normal.user@example.com
- - Family name
  - Person
- - Given name
  - Normal
